# ABI register reference:
# zero=x0  ra=x1   sp=x2   gp=x3   tp=x4   t0=x5   t1=x6   t2=x7
# s0=x8    s1=x9   a0=x10  a1=x11  a2=x12  a3=x13  a4=x14  a5=x15
# a6=x16   a7=x17  s2=x18  s3=x19  s4=x20  s5=x21  s6=x22  s7=x23
# s8=x24   s9=x25  s10=x26 s11=x27 t3=x28  t4=x29  t5=x30  t6=x31


/mnt/c/Users/willi/OneDrive/Desktop/stroud/digital_logic/riscv_cpu/tests/test_alu.elf:     file format elf32-littleriscv


Disassembly of section .text:

00000000 <_start>:
   0:	00500093          	addi	ra,zero,5
   4:	00300113          	addi	sp,zero,3
   8:	00208233          	add	tp,ra,sp
   c:	00800293          	addi	t0,zero,8
  10:	02521063          	bne	tp,t0,30 <fail>
  14:	00118193          	addi	gp,gp,1 # 1839 <__global_pointer$+0x1>
  18:	40208233          	sub	tp,ra,sp
  1c:	00200293          	addi	t0,zero,2
  20:	00521863          	bne	tp,t0,30 <fail>
  24:	00118193          	addi	gp,gp,1 # 1839 <__global_pointer$+0x1>

00000028 <pass>:
  28:	00100193          	addi	gp,zero,1
  2c:	0080006f          	jal	zero,34 <done>

00000030 <fail>:
  30:	0040006f          	jal	zero,34 <done>

00000034 <done>:
  34:	0000006f          	jal	zero,34 <done>
